=== SOLAR MONITORING STATION TELEMETRY LOG ===
Station: Helios-7 Observatory
Date: January 8, 2026
Event: Solar Shift - Coronal Mass Ejection

[00:00:15] System initialization complete
[00:00:16] Calibrating solar sensors... OK
[00:00:17] Magnetic field detector online
[00:00:18] Temperature sensors nominal
[00:00:19] Starting observation sequence

[00:15:43] WARNING: Unusual electromagnetic interference detected
[00:15:44] Solar activity spike observed
[00:15:45] CME probability: 87%
[00:15:46] Beginning emergency protocols

[00:16:12] ALERT: Major solar flare detected - X9.3 class
[00:16:13] Particle storm incoming - ETA 18 hours
[00:16:14] Activating radiation shielding
[00:16:15] Data stream integrity: COMPROMISED

[00:16:45] Electromagnetic field readings (in nT):
[00:16:45] Sector A: 2847.3 nT
[00:16:46] Sector B: 1923.7 nT
[00:16:47] Sector C: 4521.9 nT
[00:16:48] Sector D: 3847.2 nT

[00:17:00] Temperature variance detected
[00:17:01] Solar wind speed: 1847 km/s
[00:17:02] Proton density: 94.3 p/cm³
[00:17:03] X-ray flux: C8.4

[00:17:30] CRITICAL: Anomalous data packet detected
[00:17:31] Source: UNKNOWN
[00:17:32] Transmission during interference window
[00:17:33] Packet contents encrypted

[00:18:00] System diagnostic running...
[00:18:01] Checking data integrity...
[00:18:02] /* DIAGNOSTIC TRACE BEGIN */
[00:18:03] Memory segment 0x4A8F: OK
[00:18:04] Memory segment 0x4A90: OK
[00:18:05] Memory segment 0x4A91: MODIFIED
[00:18:06] Memory segment 0x4A92: OK
[00:18:07] /* DIAGNOSTIC TRACE END */

[00:18:30] Radiation levels: 
[00:18:31] Alpha particles: 847/min
[00:18:32] Beta particles: 1923/min
[00:18:33] Gamma rays: 4521/min

[00:19:00] *** TRANSMISSION LOG FRAGMENT ***
[00:19:01] >> BEGIN ENCRYPTED STREAM <<
[00:19:02] Protocol: SOLAR-COMM-v2.3
[00:19:03] Encoding: Multi Layered
[00:19:04] Payload: 81 49 82 71 101 51 74 54 98 51 74 120 99 88 74 120 88 50 100 49 90 87 74 111 100 72 86 102 101 87 53 115 99 109 86 109 102 81 61 61
[00:19:05] Checksum: 0xDEADBEEF
[00:19:06] >> END ENCRYPTED STREAM <<
[00:19:07] *** END TRANSMISSION LOG ***

[00:19:30] Solar flux density: 2847 SFU
[00:19:31] Plasma temperature: 4.2 MK
[00:19:32] Magnetic complexity: Beta-Gamma-Delta

[00:20:00] Emergency data backup initiated
[00:20:01] Storing telemetry to secure storage
[00:20:02] Backup status: 100% complete
[00:20:03] System stabilizing...

[00:21:00] Solar activity decreasing
[00:21:01] Electromagnetic interference subsiding
[00:21:02] Returning to normal operations
[00:21:03] All systems nominal

[00:21:30] End of event log
[00:21:31] Total observation time: 21 minutes
[00:21:32] Data packets captured: 1,847
[00:21:33] Anomalies detected: 1

=== END TELEMETRY LOG ===